[DEBUG] actions/system.ts loaded

=== ­ƒÄ« TESTE 1: INTERPRETA├ç├âO DE GAMIFICA├ç├âO ===
Status de Gamifica├º├úo PR├ë: Level 1 | Pontos: 85

--- Usu├írio Dieter BG envia: "A" ---
[handlePatientReply] Processing msg (len: 1, from: ...0099, SID: N/A)
[handlePatientReply] Patient 2fbe9232-22f1-4201-8cec-beefb0f8e3c8 plan: premium
[CheckIn] Active: true, patientId: 2fbe9232-22f1-4201-8cec-beefb0f8e3c8
[Intent] checkin_response (1)
[PROTOCOL-GAMIFICATION] Processing protocol check-in
[PROTOCOL-GAMIFICATION] No active protocol step found matching context.
[generateChatbotReplyFlow] Processing msg (len: 1, patient: 2fbe9232-22f1-4201-8cec-beefb0f8e3c8)
[generateChatbotReplyFlow] AI Generation success (Gemini 2.0 Flash)
[handleAIConversation] AI Response: Deia: Ol├í! Tudo bem? Recebi su...
[Twilio] Ô£à Mensagem enviada via BODY. SID: SM20f3fc3c81cf5275eff1e0532e3e68cf
Resultado do AI Engine: PROCESSADO COM SUCESSO

Status de Gamifica├º├úo P├ôS: Level 1 | Pontos: 85
Diferen├ºa da recompensa por Checkin: +0 Pontos Confirmados!

=== ­ƒòÆ TESTE 2: DISPARO AGENDADO (NATURAL) ===

Rodando rotina do Cron de Agendamento (como acontece diariamente as 06:00)...
[SCHEDULER] Starting protocol message scheduling (Pulse: false)...
[SCHEDULER] Date: 30/03/2026
[SCHEDULER] Processing 1 protocols
[SCHEDULER] ­ƒæñ ID: 2fbe9232-22f1-4201-8cec-beefb0f8e3c8 est├í no dia 2/20 do Protocolo Teste (Intensivo)
[SCHEDULER] ÔÅ¡ J├í processado hoje: ID 2fbe9232-22f1-4201-8cec-beefb0f8e3c8 (updated_at: 2026-03-31)
[SCHEDULER] Ô£à Agendamento conclu├¡do!
[SCHEDULER] ­ƒôè Mensagens agendadas: 0
[SCHEDULER] ­ƒÄë Protocolos completados: 0

­ƒôï FILA DE AGENDAMENTOS (Cron Scheduler funcionou e n├úo enviou na hora. Est├úo 'Pending' aguardando seu hor├írio!):
