
[1m[46m RUN [49m[22m [36mv4.0.14 [39m[90mC:/Users/Usuario/.gemini/antigravity/scratch/Cuidar-me[39m

[90mstdout[2m | tests/integration/whatsapp-flows.test.ts[2m > [22m[2mWhatsApp Integration Flows[2m > [22m[2mScenario 3: Emergency Flow
[22m[39m[handlePatientReply] Processing: "Estou com muita dor"

[90mstdout[2m | tests/integration/whatsapp-flows.test.ts[2m > [22m[2mWhatsApp Integration Flows[2m > [22m[2mScenario 3: Emergency Flow
[22m[39m[CheckIn] Active: false, Title: undefined...

[90mstdout[2m | tests/integration/whatsapp-flows.test.ts[2m > [22m[2mWhatsApp Integration Flows[2m > [22m[2mScenario 3: Emergency Flow
[22m[39m[Intent] emergency (0.9)
[EMERGENCY] Escalating immediately

 [31mÔØ»[39m tests/integration/whatsapp-flows.test.ts [2m([22m[2m5 tests[22m[2m | [22m[31m1 failed[39m[2m | [22m[33m4 skipped[39m[2m)[22m[32m 37[2mms[22m[39m
     [2m[90mÔåô[39m[22m Scenario 1: New Patient (Starts Onboarding)
     [2m[90mÔåô[39m[22m Scenario 2: Pending Patient (Continues Onboarding)
[31m     [31m├ù[31m Scenario 3: Emergency Flow[39m[32m 33[2mms[22m[39m
     [2m[90mÔåô[39m[22m Scenario 4: Social Flow
     [2m[90mÔåô[39m[22m Scenario 5: General AI Conversation
node.exe : 
No C:\Program 
Files\nodejs\npx.ps1:29 caractere:3
+   & $NODE_EXE $NPX_CLI_JS $args
+   ~~~~~~~~~~~~~~~~~~~~~~~~~~~~~
    + CategoryInfo          : NotSp 
   ecified: (:String) [], RemoteEx  
  ception
    + FullyQualifiedErrorId : Nativ 
   eCommandError
 
[31mÔÄ»ÔÄ»ÔÄ»ÔÄ»ÔÄ»ÔÄ»ÔÄ»[39m[1m
[41m Failed Tests 1 [49m[22m[31mÔ
Ä»ÔÄ»ÔÄ»ÔÄ»ÔÄ»ÔÄ»ÔÄ»[39m

[41m[1m FAIL [22m[49m tests/inte
gration/whatsapp-flows.test.ts[2m 
> [22mWhatsApp Integration 
Flows[2m > [22mScenario 3: 
Emergency Flow
[31m[1mAssertionError[22m: 
expected "vi.fn()" to be called 
with arguments: [ 
ObjectContaining{ÔÇª} ][90m

Received: 

[1m  1st vi.fn() call:

[22m[2m  [[22m
[32m-   ObjectContaining {[90m
[32m-     "priority": 1,[90m
[32m-     "reason": "Dor",[90m
[31m+   {[90m
[31m+     "patient_id": 
"active-id",[90m
[31m+     "sender": "patient",[90m
[31m+     "text": "Estou com muita 
dor",[90m
[2m    },[22m
[2m  ][22m

[1m  2nd vi.fn() call:

[22m[2m  [[22m
[32m-   ObjectContaining {[90m
[31m+   {[90m
[31m+     "ai_suggested_reply": 
"Entre em contato 
URGENTEMENTE.",[90m
[31m+     "ai_summary": "Sistema 
detectou emerg├¬ncia: Estou com 
muita dor",[90m
[31m+     "patient_id": 
"active-id",[90m
[2m      "priority": 1,[22m
[32m-     "reason": "Dor",[90m
[31m+     "reason": "Emerg├¬ncia 
Detectada",[90m
[31m+     "trigger_message": 
"Estou com muita dor",[90m
[2m    },[22m
[2m  ][22m

[1m  3rd vi.fn() call:

[22m[2m  [[22m
[32m-   ObjectContaining {[90m
[32m-     "priority": 1,[90m
[32m-     "reason": "Dor",[90m
[31m+   {[90m
[31m+     "patient_id": 
"active-id",[90m
[31m+     "sender": "me",[90m
[31m+     "text": "Entendi, vou 
chamar um humano.",[90m
[2m    },[22m
[2m  ][22m
[31m[90m

Number of calls: [1m3[22m
[31m[39m
[36m [2mÔØ»[22m tests/integration
/whatsapp-flows.test.ts:[2m163:37[
22m[39m
    [90m161| [39m        [90m// 
Verify Attention Request 
created[39m
    [90m162| [39m        expect(mo
ckSupabase.from).toHaveBeenCalledWit
h('attention_requÔÇª
    [90m163| [39m        expect(mo
ckSupabase.insert).toHaveBeenCalledW
ith(expect.objectÔÇª
    [90m   | [39m                 
                   [31m^[39m
    [90m164| [39m            
reason[33m:[39m 
[32m'Dor'[39m[33m,[39m
    [90m165| [39m            
priority[33m:[39m [34m1[39m

[31m[2mÔÄ»ÔÄ»ÔÄ»ÔÄ»ÔÄ»ÔÄ»ÔÄ»ÔÄ»ÔÄ»
ÔÄ»ÔÄ»ÔÄ»ÔÄ»ÔÄ»ÔÄ»ÔÄ»ÔÄ»ÔÄ»ÔÄ»ÔÄ»ÔÄ»
ÔÄ»ÔÄ»ÔÄ»[1/1]ÔÄ»[22m[39m


[2m Test Files [22m [1m[31m1 failed[39m[22m[90m (1)[39m
[2m      Tests [22m [1m[31m1 failed[39m[22m[2m | [22m[33m4 skipped[39m[90m (5)[39m
[2m   Start at [22m 15:06:33
[2m   Duration [22m 2.21s[2m (transform 257ms, setup 805ms, import 226ms, tests 37ms, environment 788ms)[22m

