src/components/level-progress.tsx(3,31): error TS2305: Module '"@/lib/level-system"' has no exported member 'LevelInfo'.
src/components/level-progress.tsx(48,47): error TS2339: Property 'color' does not exist on type 'number'.
