src/components/health-metrics-chart.tsx(67,30): error TS2304: Cannot find name 'Activity'.
